'09/10/2017 Patron de difraccion simulado  
  
'residuos to see goodness of the fit  
r_wp  27.2734011
  
'write standad deviations  
do_errors  
  
'The maximum number of refinement iterations, iters is set to 500000 by default  
iters 1000  
  
'chi2_convergence_criteria value of 0.001 is sufficient for routine refinements  
chi2_convergence_criteria 0.0001  
  
Difractometro()  
   
'Reading the diffraction pattern  
xdd FT.raw 
  
'Modeling background	  
  bkg @ -660.366164`_92.240337  2462.74444`_106.92609 -2353.97066`_71.5375184  1230.85681`_44.1744097 -165.67128`_30.1357708
	One_on_X(@, 31793.8565`_1492.36101)  
  
'Specimen is outside of diffraction plane	  
   Specimen_Displacement(@, 0.13793637`_0.003125281)  

str  
  phase_name  "Fluoresceina"  
    scale @  0.000712328444`_1.381e-05
  
'unit cell  
  space_group "Pn2_1a"  
  a 10.470786_0.001047 '10.4595 
  b 13.172828_0.001023 '13.219 
  c 10.556286_0.000926 '10.5664 
  al  90.00000   
  be=Get(al); 
  ga=Get(al); 
  
'atom basis in the unit cell  
  site C1  x 0.890 y 0.306 z 0.233 occ C 1.0  
  site C2  x 0.790 y 0.261 z 0.299 occ C 1.0  
  site C3  x 0.707 y 0.194 z 0.236 occ C 1.0  
  site C4  x 0.526 y 0.086 z 0.246 occ C 1.0  
  site C5  x 0.441 y 0.032 z 0.323 occ C 1.0  
  site C6  x 0.349 y -0.032 z 0.267 occ C 1.0  
  site C7  x 0.342 y -0.037 z 0.135 occ C 1.0  
  site C8  x 0.426 y 0.019 z 0.058 occ C 1.0  
  site C9  x 0.523 y 0.078 z 0.114 occ C 1.0  
  site C10 x 0.605 y 0.140 z 0.041 occ C 1.0  
  site C11 x 0.702 y 0.193 z 0.103 occ C 1.0  
  site C12 x 0.789 y 0.254 z 0.035 occ C 1.0  
  site C13 x 0.882 y 0.311 z 0.100 occ C 1.0  
  site C14 x 0.619 y 0.123 z -0.098 occ C 1.0  
  site C15 x 0.704 y 0.047 z -0.139 occ C 1.0  
  site C16 x 0.734 y 0.036 z -0.268 occ C 1.0  
  site C17 x 0.673 y 0.098 z -0.357 occ C 1.0  
  site C18 x 0.577 y 0.165 z -0.318 occ C 1.0  
  site C19 x 0.548 y 0.177 z -0.188 occ C 1.0  
  site C20 x 0.458 y 0.261 z -0.150 occ C 1.0  
  site O1  x 0.976 y 0.364 z 0.298 occ O 1.0  
  site O2  x 0.613 y 0.148 z 0.303 occ O 1.0  
  site O3  x 0.277 y -0.082 z 0.333 occ O 1.0  
  site O4  x 0.385 y 0.309 z -0.235 occ O 1.0  
  site O5  x 0.453 y 0.290 z -0.039 occ O 1.0  

  prm avrg_size_fluorescein  80`_3.49033253_LIMIT_MIN_80 min 80 max 105
  lor_fwhm = Abs(5.72957 Lam / (Cos(Th) avrg_size_fluorescein));   
 
  MVW( 1280.844, 1456.027, 68.218`_1.206) 

'Definition of the crystal structure  
str  
  phase_name  "tcqn"  
    scale @  0.000739970048`_3.864e-05
  
'unit cell  
  space_group "C2/c"  
  a 8.914466_0.001209 '8.88400 
  b 7.095738_0.000666 '6.90360 
  c 16.371672_0.002211 '16.42100 
  al  90.00000   
  be  98.56318_0.00958 '98.24100 
  ga  90.00000   
  
  site N1 x 0.30687 y 0.24383 z 0.23988 occ N 1.0 beq 0.02160
  site C1 x 0.65123 y 0.47404 z 0.48395 occ C 1.0 beq 0.01331
  site H1 x 0.7533 y 0.4578 z 0.4742 occ H 1.0 beq 0.0160
  site N2 x -0.02033 y 0.43413 z 0.40011 occ N 1.0 beq 0.02135
  site C2 x 0.53546 y 0.42002 z 0.42555 occ C 1.0 beq 0.01347
  site H2 x 0.5572 y 0.3661 z 0.3753 occ H 1.0 beq 0.0160
  site C4 x 0.26078 y 0.38973 z 0.37923 occ C 1.0 beq 0.01353
  site C3 x 0.37905 y 0.44364 z 0.43889 occ C 1.0 beq 0.01239
  site C6 x 0.10468 y 0.41472 z 0.39038 occ C 1.0 beq 0.01544
  site C5 x 0.28653 y 0.30871 z 0.30187 occ C 1.0 beq 0.01573

  prm avrg_size_tcqn  60`_6.15563533_LIMIT_MIN_60 min 60 max 85
  lor_fwhm = Abs(5.72957 Lam / (Cos(Th) avrg_size_tcqn));    
 
  MVW( 816.748, 1024.041, 31.782`_1.206) 

/* 
xdd_out FTN4-ref.xy load out_record out_fmt out_eqn {
  "%11.5f\t" = X;
  "%11.5f\t" = Yobs;
  "%11.5f\t" = Ycalc;
  "%11.5f\n" = Yobs-Ycalc;
}
*/  
macro Difractometro()  
{                                                           
   
lam   
	 ymin_on_ymax 0.00001                                                       
                la  0.579  lo  1.5405902 lh  0.4374157  
                la  0.080  lo  1.5410632 lh  0.6432140  
                la  0.236  lo  1.5443983 lh  0.5128764  
                la  0.105  lo  1.5446848 lh  0.6872322  
   
   Radius(217.5)                                                            
   LP_Factor(!th2_monochromator, 0)  
 Full_Axial_Model(12, 16, 16, 2.553, 3.113)  
 	'  12  Axial length of the X-ray source in mm  
	'  16   Axial length of the sample in mm  
	'  16   Axial length of the detector slit in mm  
                         'For the Lynxeye it is the length of the Si strip  
	 ' 2.553 primary_soller_angle   in degrees  
         ' 3.113 secondary_soller_angle 3.113  in degrees  
   
 Tube_Tails(!source_width_c, 0.04 , !z1_c,-0.87980, !z2_c, 1.58642, !z1_z2_h_c, 0.00089)  
	          
	 'Horizontal divergence in the equatorial plane in degrees          
   Divergence(0.5)  
   Slit_Width(0.075)	   
   
} 
C_matrix_normalized
{
                             1   2   3   4   5   6   7   8   9  10  11
bkg900138984           1:  100 -97  93 -84  82 -98  -1   6  -6   7  -6
bkg900139200           2:  -97 100 -93  90 -78  99   1 -12  10 -17  13
bkg900139416           3:   93 -93 100 -87  78 -96  -1  18 -16  26 -20
bkg900139632           4:  -84  90 -87 100 -68  89   1 -20  19 -26  21
bkg900139848           5:   82 -78  78 -68 100 -80   1  18 -17   1  -2
m69b48cd7_8            6:  -98  99 -96  89 -80 100   1 -12  11 -16  13
m69b48cd7_9            7:   -1   1  -1   1   1   1 100  -1  -3  -0   2
scale900174088_        8:    6 -12  18 -20  18 -12  -1 100 -63 -16  12
avrg_size_fluorescein  9:   -6  10 -16  19 -17  11  -3 -63 100  11  -6
scale900174640_       10:    7 -17  26 -26   1 -16  -0 -16  11 100 -75
avrg_size_tcqn        11:   -6  13 -20  21  -2  13   2  12  -6 -75 100
}