'09/10/2017 Patron de difraccion simulado  
  
'residuos to see goodness of the fit  
r_wp  23.019801
  
'write standad deviations  
do_errors  
  
'The maximum number of refinement iterations, iters is set to 500000 by default  
iters 1000  
  
'chi2_convergence_criteria value of 0.001 is sufficient for routine refinements  
chi2_convergence_criteria 0.0001  
  
Difractometro()  
   
'Reading the diffraction pattern  
xdd FTN3.raw 
  
'Modeling background	  
  bkg @  184.342944`_65.7081232  1403.08998`_75.4116572 -1388.38534`_49.6065781  567.629318`_29.9464216  133.528493`_21.7174375
	One_on_X(@, 15311.1825`_1049.17328)  
  
'Specimen is outside of diffraction plane	  
   Specimen_Displacement(@, 0.111888224`_0.00338878241)  

str  
  phase_name  "Fluoresceina"  
    scale @  0.000195443305`_8.456e-06
  
'unit cell  
  space_group "Pn2_1a"  
  a 10.470786_0.001047 '10.4595 
  b 13.172828_0.001023 '13.219 
  c 10.556286_0.000926 '10.5664 
  al  90.00000   
  be=Get(al); 
  ga=Get(al); 
  
'atom basis in the unit cell  
  site C1  x 0.890 y 0.306 z 0.233 occ C 1.0  
  site C2  x 0.790 y 0.261 z 0.299 occ C 1.0  
  site C3  x 0.707 y 0.194 z 0.236 occ C 1.0  
  site C4  x 0.526 y 0.086 z 0.246 occ C 1.0  
  site C5  x 0.441 y 0.032 z 0.323 occ C 1.0  
  site C6  x 0.349 y -0.032 z 0.267 occ C 1.0  
  site C7  x 0.342 y -0.037 z 0.135 occ C 1.0  
  site C8  x 0.426 y 0.019 z 0.058 occ C 1.0  
  site C9  x 0.523 y 0.078 z 0.114 occ C 1.0  
  site C10 x 0.605 y 0.140 z 0.041 occ C 1.0  
  site C11 x 0.702 y 0.193 z 0.103 occ C 1.0  
  site C12 x 0.789 y 0.254 z 0.035 occ C 1.0  
  site C13 x 0.882 y 0.311 z 0.100 occ C 1.0  
  site C14 x 0.619 y 0.123 z -0.098 occ C 1.0  
  site C15 x 0.704 y 0.047 z -0.139 occ C 1.0  
  site C16 x 0.734 y 0.036 z -0.268 occ C 1.0  
  site C17 x 0.673 y 0.098 z -0.357 occ C 1.0  
  site C18 x 0.577 y 0.165 z -0.318 occ C 1.0  
  site C19 x 0.548 y 0.177 z -0.188 occ C 1.0  
  site C20 x 0.458 y 0.261 z -0.150 occ C 1.0  
  site O1  x 0.976 y 0.364 z 0.298 occ O 1.0  
  site O2  x 0.613 y 0.148 z 0.303 occ O 1.0  
  site O3  x 0.277 y -0.082 z 0.333 occ O 1.0  
  site O4  x 0.385 y 0.309 z -0.235 occ O 1.0  
  site O5  x 0.453 y 0.290 z -0.039 occ O 1.0  

  prm avrg_size_fluorescein  80`_7.31316677_LIMIT_MIN_80 min 80 max 105
  lor_fwhm = Abs(5.72957 Lam / (Cos(Th) avrg_size_fluorescein));   
 
  MVW( 1280.844, 1456.027, 19.133`_0.733) 

'Definition of the crystal structure  
str  
  phase_name  "tcqn"  
    scale @  0.00131561338`_3.002e-05
  
'unit cell  
  space_group "C2/c"  
  a 8.914466_0.001209 '8.88400 
  b 7.095738_0.000666 '6.90360 
  c 16.371672_0.002211 '16.42100 
  al  90.00000   
  be  98.56318_0.00958 '98.24100 
  ga  90.00000   
  
  site N1 x 0.30687 y 0.24383 z 0.23988 occ N 1.0 beq 0.02160
  site C1 x 0.65123 y 0.47404 z 0.48395 occ C 1.0 beq 0.01331
  site H1 x 0.7533 y 0.4578 z 0.4742 occ H 1.0 beq 0.0160
  site N2 x -0.02033 y 0.43413 z 0.40011 occ N 1.0 beq 0.02135
  site C2 x 0.53546 y 0.42002 z 0.42555 occ C 1.0 beq 0.01347
  site H2 x 0.5572 y 0.3661 z 0.3753 occ H 1.0 beq 0.0160
  site C4 x 0.26078 y 0.38973 z 0.37923 occ C 1.0 beq 0.01353
  site C3 x 0.37905 y 0.44364 z 0.43889 occ C 1.0 beq 0.01239
  site C6 x 0.10468 y 0.41472 z 0.39038 occ C 1.0 beq 0.01544
  site C5 x 0.28653 y 0.30871 z 0.30187 occ C 1.0 beq 0.01573

  prm avrg_size_tcqn  60`_2.76382796_LIMIT_MIN_60 min 60 max 85
  lor_fwhm = Abs(5.72957 Lam / (Cos(Th) avrg_size_tcqn));    
 
  MVW( 816.748, 1024.041, 57.761`_0.884) 

str  
  phase_name  "ntcda"  
    scale @  0.00161128536`_5.967e-05 '0.000654318563_1.094e-05
  
'unit cell  
  space_group "P2_1/c"  
  a  7.898696_0.002127 '7.88000   
  b  5.337622_0.001401 '5.32200  
  c  12.646414_0.003229 '12.60120   
  al  90.00000   
  be  107.20267_0.02739 '107.25700  
  ga  90.00000   
  
'atom basis in the unit cell  
  site O1 x 0.2474 y 1.0061 z 0.24799 occ O 1.0 beq 0.0521
  site O2 x 0.5363 y 0.9973 z 0.32620 occ O 1.0 beq 0.0417
  site O3 x 0.8278 y 0.9998 z 0.39530 occ O 1.0 beq 0.0574
  site C1 x 0.3523 y 0.6920 z 0.38640 occ C 1.0 beq 0.0300
  site C2 x 0.1887 y 0.5886 z 0.37750 occ C 1.0 beq 0.0371
  site C3 x 0.8260 y 0.6094 z 0.55250 occ C 1.0 beq 0.0372
  site C4 x 0.6773 y 0.6997 z 0.47420 occ C 1.0 beq 0.0309
  site C5 x 0.5071 y 0.5996 z 0.46440 occ C 1.0 beq 0.0264
  site C6 x 0.3673 y 0.9051 z 0.31440 occ C 1.0 beq 0.0359
  site C7 x 0.6938 y 0.9043 z 0.39880 occ C 1.0 beq 0.0377
  site H2 x 0.0840 y 0.6440 z 0.3270 occ H 1.0 beq 0.0420
  site H3 x 0.9420 y 0.6770 z 0.5590 occ H 1.0 beq 0.0520

  prm avrg_size_ntcda  50`_3.5365305_LIMIT_MIN_50 min 50 max 75
  lor_fwhm = Abs(5.72957 Lam / (Cos(Th) avrg_size_ntcda));  

  MVW( 536.356, 509.324, 23.106`_0.749) 

/* 
xdd_out FTN2-ref.xy load out_record out_fmt out_eqn {
  "%11.5f\t" = X;
  "%11.5f\t" = Yobs;
  "%11.5f\t" = Ycalc;
  "%11.5f\n" = Yobs-Ycalc;
}
*/  
macro Difractometro()  
{                                                           
   
lam   
	 ymin_on_ymax 0.00001                                                       
                la  0.579  lo  1.5405902 lh  0.4374157  
                la  0.080  lo  1.5410632 lh  0.6432140  
                la  0.236  lo  1.5443983 lh  0.5128764  
                la  0.105  lo  1.5446848 lh  0.6872322  
   
   Radius(217.5)                                                            
   LP_Factor(!th2_monochromator, 0)  
 Full_Axial_Model(12, 16, 16, 2.553, 3.113)  
 	'  12  Axial length of the X-ray source in mm  
	'  16   Axial length of the sample in mm  
	'  16   Axial length of the detector slit in mm  
                         'For the Lynxeye it is the length of the Si strip  
	 ' 2.553 primary_soller_angle   in degrees  
         ' 3.113 secondary_soller_angle 3.113  in degrees  
   
 Tube_Tails(!source_width_c, 0.04 , !z1_c,-0.87980, !z2_c, 1.58642, !z1_z2_h_c, 0.00089)  
	          
	 'Horizontal divergence in the equatorial plane in degrees          
   Divergence(0.5)  
   Slit_Width(0.075)	   
   
} 
C_matrix_normalized
{
                             1   2   3   4   5   6   7   8   9  10  11  12  13
bkg1166477288          1:  100 -96  92 -83  82 -98   0   8  -7   5  -5  -5   3
bkg1166477504          2:  -96 100 -92  89 -77  99   0 -10   9 -14  11   0  -0
bkg1166477720          3:   92 -92 100 -84  77 -95   0  16 -14  22 -18   2  -2
bkg1166477936          4:  -83  89 -84 100 -63  88  -0 -18  17 -23  19  -1   3
bkg1166478152          5:   82 -77  77 -63 100 -79   2  18 -16  -1  -0  -4   1
m69b47ce8_42           6:  -98  99 -95  88 -79 100  -0 -12  10 -13  11   1  -0
m69b47ce8_43           7:    0   0   0  -0   2  -0 100   9  -5   2  -0 -12  -0
scale1166513312_       8:    8 -10  16 -18  18 -12   9 100 -70 -12  11 -35  21
avrg_size_fluorescein  9:   -7   9 -14  17 -16  10  -5 -70 100   7  -5  24 -13
scale1166513864_      10:    5 -14  22 -23  -1 -13   2 -12   7 100 -67  -8   6
avrg_size_tcqn        11:   -5  11 -18  19  -0  11  -0  11  -5 -67 100   5 -12
scale1166514232_      12:   -5   0   2  -1  -4   1 -12 -35  24  -8   5 100 -60
avrg_size_ntcda       13:    3  -0  -2   3   1  -0  -0  21 -13   6 -12 -60 100
}